2024-09-11 15:19:53.089 [info] Log level: Info
2024-09-11 15:19:53.089 [info] Validating found git in: "git"
2024-09-11 15:19:53.089 [info] Using git "2.46.0" from "git"
2024-09-11 15:19:53.108 [info] > git rev-parse --show-toplevel [28ms]
2024-09-11 15:19:53.139 [info] > git rev-parse --git-dir --git-common-dir [7ms]
2024-09-11 15:19:53.142 [info] Open repository: /home/leo/Projects/nidas.dev
2024-09-11 15:19:53.161 [info] > git rev-parse --show-toplevel [7ms]
2024-09-11 15:19:53.161 [info] > git config --get commit.template [10ms]
2024-09-11 15:19:53.170 [info] > git rev-parse --show-toplevel [5ms]
2024-09-11 15:19:53.176 [info] > git rev-parse --show-toplevel [2ms]
2024-09-11 15:19:53.244 [info] > git for-each-ref --format=%(refname)%00%(upstream:short)%00%(objectname)%00%(upstream:track)%00%(upstream:remotename)%00%(upstream:remoteref) refs/heads/dev refs/remotes/dev [74ms]
2024-09-11 15:19:53.390 [info] > git status -z -uall [143ms]
2024-09-11 15:19:53.408 [info] > git for-each-ref --format=%(refname)%00%(upstream:short)%00%(objectname)%00%(upstream:track)%00%(upstream:remotename)%00%(upstream:remoteref) refs/heads/dev refs/remotes/dev [14ms]
2024-09-11 15:19:53.414 [info] > git config --get commit.template [6ms]
2024-09-11 15:19:53.416 [info] > git config --local branch.dev.vscode-merge-base [3ms]
2024-09-11 15:19:53.426 [info] > git for-each-ref --format=%(refname)%00%(upstream:short)%00%(objectname)%00%(upstream:track)%00%(upstream:remotename)%00%(upstream:remoteref) refs/heads/origin/main refs/remotes/origin/main [6ms]
2024-09-11 15:19:53.431 [info] > git for-each-ref --format=%(refname)%00%(upstream:short)%00%(objectname)%00%(upstream:track)%00%(upstream:remotename)%00%(upstream:remoteref) refs/heads/dev refs/remotes/dev [6ms]
2024-09-11 15:19:53.435 [info] > git merge-base refs/heads/dev refs/remotes/origin/dev [5ms]
2024-09-11 15:19:53.471 [info] > git status -z -uall [37ms]
2024-09-11 15:19:53.476 [info] > git for-each-ref --format=%(refname)%00%(upstream:short)%00%(objectname)%00%(upstream:track)%00%(upstream:remotename)%00%(upstream:remoteref) refs/heads/dev refs/remotes/dev [1ms]
2024-09-11 15:19:53.482 [info] > git config --local branch.dev.vscode-merge-base [1ms]
2024-09-11 15:19:53.486 [info] > git for-each-ref --format=%(refname)%00%(upstream:short)%00%(objectname)%00%(upstream:track)%00%(upstream:remotename)%00%(upstream:remoteref) refs/heads/origin/main refs/remotes/origin/main [1ms]
2024-09-11 15:19:53.654 [info] > git rev-list --count --left-right refs/heads/dev...refs/remotes/origin/dev [216ms]
2024-09-11 15:19:53.698 [info] > git show --textconv :nidas.dev/src/themes/theme.js [59ms]
2024-09-11 15:19:53.699 [info] > git diff --name-status -z --diff-filter=ADMR 9cb0cfa6b027bf68341cb071f413ca3f9b8b27c5...refs/remotes/origin/dev [32ms]
2024-09-11 15:19:53.702 [info] > git ls-files --stage -- /home/leo/Projects/nidas.dev/nidas.dev/src/themes/theme.js [51ms]
2024-09-11 15:19:53.716 [info] > git show --textconv :nidas.dev/src/components/structure/drawer.js [35ms]
2024-09-11 15:19:53.717 [info] > git ls-files --stage -- /home/leo/Projects/nidas.dev/nidas.dev/src/components/structure/drawer.js [23ms]
2024-09-11 15:19:53.726 [info] > git cat-file -s 5426a5af75c6f934b7157017a7751a8e8bcd04b0 [13ms]
2024-09-11 15:19:53.728 [info] > git cat-file -s 6360c7c38561f6b8e3985bc53f12389327ff63a8 [3ms]
2024-09-11 15:19:53.746 [info] > git check-ignore -v -z --stdin [3ms]
2024-09-11 15:20:31.809 [info] > git config --get commit.template [4ms]
2024-09-11 15:20:31.809 [info] > git for-each-ref --format=%(refname)%00%(upstream:short)%00%(objectname)%00%(upstream:track)%00%(upstream:remotename)%00%(upstream:remoteref) refs/heads/dev refs/remotes/dev [1ms]
2024-09-11 15:20:31.814 [info] > git status -z -uall [2ms]
2024-09-11 15:20:31.819 [info] > git for-each-ref --format=%(refname)%00%(upstream:short)%00%(objectname)%00%(upstream:track)%00%(upstream:remotename)%00%(upstream:remoteref) refs/heads/dev refs/remotes/dev [1ms]
2024-09-11 15:20:31.823 [info] > git config --local branch.dev.vscode-merge-base [1ms]
2024-09-11 15:20:31.827 [info] > git for-each-ref --format=%(refname)%00%(upstream:short)%00%(objectname)%00%(upstream:track)%00%(upstream:remotename)%00%(upstream:remoteref) refs/heads/origin/main refs/remotes/origin/main [1ms]
2024-09-11 15:20:48.586 [info] > git config --get commit.template [9ms]
2024-09-11 15:20:48.587 [info] > git for-each-ref --format=%(refname)%00%(upstream:short)%00%(objectname)%00%(upstream:track)%00%(upstream:remotename)%00%(upstream:remoteref) refs/heads/dev refs/remotes/dev [2ms]
2024-09-11 15:20:48.595 [info] > git status -z -uall [3ms]
2024-09-11 15:20:48.602 [info] > git for-each-ref --format=%(refname)%00%(upstream:short)%00%(objectname)%00%(upstream:track)%00%(upstream:remotename)%00%(upstream:remoteref) refs/heads/dev refs/remotes/dev [2ms]
2024-09-11 15:20:48.608 [info] > git config --local branch.dev.vscode-merge-base [2ms]
2024-09-11 15:20:48.613 [info] > git for-each-ref --format=%(refname)%00%(upstream:short)%00%(objectname)%00%(upstream:track)%00%(upstream:remotename)%00%(upstream:remoteref) refs/heads/origin/main refs/remotes/origin/main [1ms]
2024-09-11 15:22:38.665 [info] > git ls-files --stage -- /home/leo/Projects/nidas.dev/nidas.dev/src/themes/fonts.js [3ms]
2024-09-11 15:22:38.680 [info] > git show --textconv :nidas.dev/src/themes/fonts.js [32ms]
2024-09-11 15:22:38.680 [info] > git cat-file -s f3b32c91d435db728c638cf8236d46d6bbf8e6c8 [10ms]
2024-09-11 15:23:59.397 [info] > git show --textconv :nidas.dev/src/themes/theme.js [14ms]
2024-09-11 15:23:59.400 [info] > git ls-files --stage -- /home/leo/Projects/nidas.dev/nidas.dev/src/themes/theme.js [4ms]
2024-09-11 15:23:59.415 [info] > git cat-file -s 5426a5af75c6f934b7157017a7751a8e8bcd04b0 [5ms]
2024-09-11 15:24:46.081 [info] > git ls-files --stage -- /home/leo/Projects/nidas.dev/nidas.dev/src/pages/App.js [2ms]
2024-09-11 15:24:46.089 [info] > git show --textconv :nidas.dev/src/pages/App.js [21ms]
2024-09-11 15:24:46.089 [info] > git cat-file -s b1cddf65555027cb7a23828a1a8f89180147c383 [2ms]
2024-09-11 15:24:47.686 [info] > git show --textconv :nidas.dev/src/pages/construction.js [4ms]
2024-09-11 15:24:47.687 [info] > git ls-files --stage -- /home/leo/Projects/nidas.dev/nidas.dev/src/pages/construction.js [1ms]
2024-09-11 15:24:47.692 [info] > git cat-file -s ae366f199e6ba351f6f6d879a235f1a2cee2fe93 [1ms]
2024-09-11 15:24:53.625 [info] > git show --textconv :nidas.dev/src/themes/theme.js [14ms]
2024-09-11 15:24:53.628 [info] > git ls-files --stage -- /home/leo/Projects/nidas.dev/nidas.dev/src/themes/theme.js [5ms]
2024-09-11 15:24:53.638 [info] > git cat-file -s 5426a5af75c6f934b7157017a7751a8e8bcd04b0 [3ms]
2024-09-11 15:24:55.944 [info] > git show --textconv :nidas.dev/src/pages/construction.js [12ms]
2024-09-11 15:24:55.946 [info] > git ls-files --stage -- /home/leo/Projects/nidas.dev/nidas.dev/src/pages/construction.js [3ms]
2024-09-11 15:24:55.954 [info] > git cat-file -s ae366f199e6ba351f6f6d879a235f1a2cee2fe93 [2ms]
2024-09-11 15:25:31.380 [info] > git show --textconv :nidas.dev/src/pages/App.js [9ms]
2024-09-11 15:25:31.382 [info] > git ls-files --stage -- /home/leo/Projects/nidas.dev/nidas.dev/src/pages/App.js [4ms]
2024-09-11 15:25:31.394 [info] > git cat-file -s b1cddf65555027cb7a23828a1a8f89180147c383 [4ms]
2024-09-11 15:25:43.886 [info] > git config --get commit.template [4ms]
2024-09-11 15:25:43.887 [info] > git for-each-ref --format=%(refname)%00%(upstream:short)%00%(objectname)%00%(upstream:track)%00%(upstream:remotename)%00%(upstream:remoteref) refs/heads/dev refs/remotes/dev [1ms]
2024-09-11 15:25:43.893 [info] > git status -z -uall [2ms]
2024-09-11 15:25:43.900 [info] > git for-each-ref --format=%(refname)%00%(upstream:short)%00%(objectname)%00%(upstream:track)%00%(upstream:remotename)%00%(upstream:remoteref) refs/heads/dev refs/remotes/dev [3ms]
2024-09-11 15:25:43.906 [info] > git config --local branch.dev.vscode-merge-base [2ms]
2024-09-11 15:25:43.910 [info] > git for-each-ref --format=%(refname)%00%(upstream:short)%00%(objectname)%00%(upstream:track)%00%(upstream:remotename)%00%(upstream:remoteref) refs/heads/origin/main refs/remotes/origin/main [1ms]
2024-09-11 15:26:27.792 [info] > git config --get commit.template [4ms]
2024-09-11 15:26:27.792 [info] > git for-each-ref --format=%(refname)%00%(upstream:short)%00%(objectname)%00%(upstream:track)%00%(upstream:remotename)%00%(upstream:remoteref) refs/heads/dev refs/remotes/dev [1ms]
2024-09-11 15:26:27.798 [info] > git status -z -uall [2ms]
2024-09-11 15:26:27.805 [info] > git for-each-ref --format=%(refname)%00%(upstream:short)%00%(objectname)%00%(upstream:track)%00%(upstream:remotename)%00%(upstream:remoteref) refs/heads/dev refs/remotes/dev [3ms]
2024-09-11 15:26:27.810 [info] > git config --local branch.dev.vscode-merge-base [1ms]
2024-09-11 15:26:27.815 [info] > git for-each-ref --format=%(refname)%00%(upstream:short)%00%(objectname)%00%(upstream:track)%00%(upstream:remotename)%00%(upstream:remoteref) refs/heads/origin/main refs/remotes/origin/main [1ms]
2024-09-11 15:26:31.838 [info] > git show --textconv :nidas.dev/src/themes/theme.js [10ms]
2024-09-11 15:26:31.840 [info] > git ls-files --stage -- /home/leo/Projects/nidas.dev/nidas.dev/src/themes/theme.js [3ms]
2024-09-11 15:26:31.847 [info] > git cat-file -s 5426a5af75c6f934b7157017a7751a8e8bcd04b0 [2ms]
2024-09-11 15:26:33.324 [info] > git show --textconv :nidas.dev/src/pages/App.js [5ms]
2024-09-11 15:26:33.325 [info] > git ls-files --stage -- /home/leo/Projects/nidas.dev/nidas.dev/src/pages/App.js [2ms]
2024-09-11 15:26:33.331 [info] > git cat-file -s b1cddf65555027cb7a23828a1a8f89180147c383 [1ms]
2024-09-11 15:26:34.818 [info] > git show --textconv :nidas.dev/src/pages/construction.js [14ms]
2024-09-11 15:26:34.820 [info] > git ls-files --stage -- /home/leo/Projects/nidas.dev/nidas.dev/src/pages/construction.js [3ms]
2024-09-11 15:26:34.829 [info] > git cat-file -s ae366f199e6ba351f6f6d879a235f1a2cee2fe93 [3ms]
2024-09-11 15:27:12.754 [info] > git config --get commit.template [5ms]
2024-09-11 15:27:12.755 [info] > git for-each-ref --format=%(refname)%00%(upstream:short)%00%(objectname)%00%(upstream:track)%00%(upstream:remotename)%00%(upstream:remoteref) refs/heads/dev refs/remotes/dev [2ms]
2024-09-11 15:27:12.760 [info] > git status -z -uall [2ms]
2024-09-11 15:27:12.768 [info] > git for-each-ref --format=%(refname)%00%(upstream:short)%00%(objectname)%00%(upstream:track)%00%(upstream:remotename)%00%(upstream:remoteref) refs/heads/dev refs/remotes/dev [3ms]
2024-09-11 15:27:12.773 [info] > git config --local branch.dev.vscode-merge-base [1ms]
2024-09-11 15:27:12.779 [info] > git for-each-ref --format=%(refname)%00%(upstream:short)%00%(objectname)%00%(upstream:track)%00%(upstream:remotename)%00%(upstream:remoteref) refs/heads/origin/main refs/remotes/origin/main [2ms]
2024-09-11 15:27:23.786 [info] > git show --textconv :nidas.dev/src/themes/theme.js [6ms]
2024-09-11 15:27:23.788 [info] > git ls-files --stage -- /home/leo/Projects/nidas.dev/nidas.dev/src/themes/theme.js [2ms]
2024-09-11 15:27:23.793 [info] > git cat-file -s 5426a5af75c6f934b7157017a7751a8e8bcd04b0 [1ms]
2024-09-11 15:27:29.315 [info] > git show --textconv :nidas.dev/src/pages/construction.js [13ms]
2024-09-11 15:27:29.316 [info] > git ls-files --stage -- /home/leo/Projects/nidas.dev/nidas.dev/src/pages/construction.js [3ms]
2024-09-11 15:27:29.324 [info] > git cat-file -s ae366f199e6ba351f6f6d879a235f1a2cee2fe93 [2ms]
2024-09-11 15:27:33.970 [info] > git config --get commit.template [3ms]
2024-09-11 15:27:33.970 [info] > git for-each-ref --format=%(refname)%00%(upstream:short)%00%(objectname)%00%(upstream:track)%00%(upstream:remotename)%00%(upstream:remoteref) refs/heads/dev refs/remotes/dev [1ms]
2024-09-11 15:27:33.974 [info] > git status -z -uall [1ms]
2024-09-11 15:27:33.979 [info] > git for-each-ref --format=%(refname)%00%(upstream:short)%00%(objectname)%00%(upstream:track)%00%(upstream:remotename)%00%(upstream:remoteref) refs/heads/dev refs/remotes/dev [2ms]
2024-09-11 15:27:33.983 [info] > git config --local branch.dev.vscode-merge-base [1ms]
2024-09-11 15:27:33.987 [info] > git for-each-ref --format=%(refname)%00%(upstream:short)%00%(objectname)%00%(upstream:track)%00%(upstream:remotename)%00%(upstream:remoteref) refs/heads/origin/main refs/remotes/origin/main [1ms]
