2024-06-27 18:04:57.185 [info] Log level: Info
2024-06-27 18:04:57.185 [info] Validating found git in: "git"
2024-06-27 18:04:57.185 [info] Using git "2.45.2" from "git"
2024-06-27 18:04:57.248 [info] > git rev-parse --show-toplevel [70ms]
2024-06-27 18:04:57.260 [info] > git rev-parse --git-dir --git-common-dir [1ms]
2024-06-27 18:04:57.268 [info] Open repository: /home/leo/Projects/nidas.dev
2024-06-27 18:04:57.277 [info] > git rev-parse --show-toplevel [2ms]
2024-06-27 18:04:57.278 [info] > git config --get commit.template [4ms]
2024-06-27 18:04:57.285 [info] > git rev-parse --show-toplevel [4ms]
2024-06-27 18:04:57.466 [info] > git for-each-ref --format=%(refname)%00%(upstream:short)%00%(objectname)%00%(upstream:track)%00%(upstream:remotename)%00%(upstream:remoteref) refs/heads/dev refs/remotes/dev [182ms]
2024-06-27 18:04:57.682 [info] > git status -z -uall [213ms]
2024-06-27 18:04:57.701 [info] > git merge-base refs/heads/dev refs/remotes/origin/dev [14ms]
2024-06-27 18:04:57.707 [info] > git config --get commit.template [6ms]
2024-06-27 18:04:57.708 [info] > git ls-files --stage -- /home/leo/Projects/nidas.dev/nidas.dev/src/themes/theme.js [9ms]
2024-06-27 18:04:57.744 [info] > git show --textconv :nidas.dev/src/themes/theme.js [49ms]
2024-06-27 18:04:57.744 [info] > git cat-file -s 5426a5af75c6f934b7157017a7751a8e8bcd04b0 [34ms]
2024-06-27 18:04:57.750 [info] > git for-each-ref --format=%(refname)%00%(upstream:short)%00%(objectname)%00%(upstream:track)%00%(upstream:remotename)%00%(upstream:remoteref) refs/heads/dev refs/remotes/dev [1ms]
2024-06-27 18:04:57.755 [info] > git status -z -uall [1ms]
2024-06-27 18:04:57.800 [info] > git check-ignore -v -z --stdin [1ms]
2024-06-27 18:04:57.879 [info] > git rev-list --count --left-right refs/heads/dev...refs/remotes/origin/dev [173ms]
2024-06-27 18:04:57.888 [info] > git diff --name-status -z --diff-filter=ADMR 9cb0cfa6b027bf68341cb071f413ca3f9b8b27c5...refs/remotes/origin/dev [3ms]
