2024-06-26 17:33:06.106 [info] Log level: Info
2024-06-26 17:33:06.106 [info] Validating found git in: "git"
2024-06-26 17:33:06.140 [info] Using git "2.45.2" from "git"
2024-06-26 17:33:06.201 [info] > git rev-parse --show-toplevel [47ms]
2024-06-26 17:33:06.207 [info] > git rev-parse --git-dir --git-common-dir [2ms]
2024-06-26 17:33:06.217 [info] Open repository: /home/leo/Projects/nidas.dev
2024-06-26 17:33:06.254 [info] > git rev-parse --show-toplevel [25ms]
2024-06-26 17:33:06.255 [info] > git config --get commit.template [28ms]
2024-06-26 17:33:06.267 [info] > git rev-parse --show-toplevel [5ms]
2024-06-26 17:33:06.271 [info] > git rev-parse --show-toplevel [1ms]
2024-06-26 17:33:06.456 [info] > git for-each-ref --format=%(refname)%00%(upstream:short)%00%(objectname)%00%(upstream:track)%00%(upstream:remotename)%00%(upstream:remoteref) refs/heads/dev refs/remotes/dev [190ms]
2024-06-26 17:33:06.669 [info] > git status -z -uall [208ms]
2024-06-26 17:33:06.718 [info] > git merge-base refs/heads/dev refs/remotes/origin/dev [30ms]
2024-06-26 17:33:06.741 [info] > git show --textconv :nidas.dev/src/themes/Card.js [9ms]
2024-06-26 17:33:06.741 [info] > git ls-files --stage -- /home/leo/Projects/nidas.dev/nidas.dev/src/themes/Card.js [4ms]
2024-06-26 17:33:06.743 [info] > git config --get commit.template [26ms]
2024-06-26 17:33:06.776 [info] > git ls-files --stage -- /home/leo/Projects/nidas.dev/nidas.dev/src/pages/construction.js [24ms]
2024-06-26 17:33:06.800 [info] > git check-ignore -v -z --stdin [18ms]
2024-06-26 17:33:06.800 [info] > git for-each-ref --format=%(refname)%00%(upstream:short)%00%(objectname)%00%(upstream:track)%00%(upstream:remotename)%00%(upstream:remoteref) refs/heads/dev refs/remotes/dev [26ms]
2024-06-26 17:33:06.807 [info] > git status -z -uall [2ms]
2024-06-26 17:33:06.948 [info] > git show --textconv :nidas.dev/src/pages/construction.js [200ms]
2024-06-26 17:33:06.948 [info] > git cat-file -s ae366f199e6ba351f6f6d879a235f1a2cee2fe93 [169ms]
2024-06-26 17:33:07.123 [info] > git rev-list --count --left-right refs/heads/dev...refs/remotes/origin/dev [398ms]
2024-06-26 17:33:07.130 [info] > git diff --name-status -z --diff-filter=ADMR 9cb0cfa6b027bf68341cb071f413ca3f9b8b27c5...refs/remotes/origin/dev [1ms]
2024-06-26 17:34:51.075 [info] > git config --get commit.template [16ms]
2024-06-26 17:34:51.076 [info] > git for-each-ref --format=%(refname)%00%(upstream:short)%00%(objectname)%00%(upstream:track)%00%(upstream:remotename)%00%(upstream:remoteref) refs/heads/dev refs/remotes/dev [7ms]
2024-06-26 17:34:51.096 [info] > git status -z -uall [6ms]
2024-06-26 17:39:03.955 [info] > git config --get commit.template [5ms]
2024-06-26 17:39:03.955 [info] > git for-each-ref --format=%(refname)%00%(upstream:short)%00%(objectname)%00%(upstream:track)%00%(upstream:remotename)%00%(upstream:remoteref) refs/heads/dev refs/remotes/dev [1ms]
2024-06-26 17:39:03.961 [info] > git status -z -uall [1ms]
2024-06-26 17:40:37.306 [info] > git ls-files --stage -- /home/leo/Projects/nidas.dev/nidas.dev/src/themes/theme.js [1ms]
2024-06-26 17:40:37.330 [info] > git show --textconv :nidas.dev/src/themes/theme.js [29ms]
2024-06-26 17:40:37.330 [info] > git cat-file -s 5426a5af75c6f934b7157017a7751a8e8bcd04b0 [21ms]
2024-06-26 17:40:47.372 [info] > git ls-files --stage -- /home/leo/Projects/nidas.dev/nidas.dev/src/pages/App.js [1ms]
2024-06-26 17:40:47.382 [info] > git show --textconv :nidas.dev/src/pages/App.js [14ms]
2024-06-26 17:40:47.382 [info] > git cat-file -s b1cddf65555027cb7a23828a1a8f89180147c383 [7ms]
2024-06-26 17:40:49.225 [info] > git show --textconv :nidas.dev/src/themes/Button.js [13ms]
2024-06-26 17:40:49.227 [info] > git ls-files --stage -- /home/leo/Projects/nidas.dev/nidas.dev/src/themes/Button.js [3ms]
2024-06-26 17:40:50.123 [info] > git ls-files --stage -- /home/leo/Projects/nidas.dev/nidas.dev/src/components/structure/header.js [2ms]
2024-06-26 17:40:50.129 [info] > git show --textconv :nidas.dev/src/components/structure/header.js [12ms]
2024-06-26 17:40:50.129 [info] > git cat-file -s e0ce21d017f7760ba51c1b464999e8dec72e91f2 [3ms]
2024-06-26 17:40:50.568 [info] > git ls-files --stage -- /home/leo/Projects/nidas.dev/nidas.dev/src/components/structure/drawer.js [1ms]
2024-06-26 17:40:50.578 [info] > git show --textconv :nidas.dev/src/components/structure/drawer.js [14ms]
2024-06-26 17:40:50.578 [info] > git cat-file -s 6360c7c38561f6b8e3985bc53f12389327ff63a8 [7ms]
2024-06-26 17:41:03.895 [info] > git show --textconv :nidas.dev/src/themes/CardStyle.js [6ms]
2024-06-26 17:41:03.896 [info] > git ls-files --stage -- /home/leo/Projects/nidas.dev/nidas.dev/src/themes/CardStyle.js [2ms]
2024-06-26 17:46:23.076 [info] > git config --get commit.template [4ms]
2024-06-26 17:46:23.077 [info] > git for-each-ref --format=%(refname)%00%(upstream:short)%00%(objectname)%00%(upstream:track)%00%(upstream:remotename)%00%(upstream:remoteref) refs/heads/dev refs/remotes/dev [1ms]
2024-06-26 17:46:23.081 [info] > git status -z -uall [1ms]
2024-06-26 17:46:23.200 [info] > git ls-files --stage -- /home/leo/Projects/nidas.dev/nidas.dev/src/themes/theme.js [14ms]
2024-06-26 17:46:23.213 [info] > git ls-files --stage -- /home/leo/Projects/nidas.dev/nidas.dev/src/themes/CardStyle.js [15ms]
2024-06-26 17:46:23.214 [info] > git cat-file -s 5426a5af75c6f934b7157017a7751a8e8bcd04b0 [5ms]
2024-06-26 17:46:23.228 [info] > git show --textconv :nidas.dev/src/themes/CardStyle.js [5ms]
2024-06-26 17:46:23.230 [info] > git show --textconv :nidas.dev/src/themes/theme.js [2ms]
2024-06-26 17:46:33.962 [info] > git config --get commit.template [5ms]
2024-06-26 17:46:33.963 [info] > git for-each-ref --format=%(refname)%00%(upstream:short)%00%(objectname)%00%(upstream:track)%00%(upstream:remotename)%00%(upstream:remoteref) refs/heads/dev refs/remotes/dev [2ms]
2024-06-26 17:46:33.969 [info] > git status -z -uall [2ms]
2024-06-26 17:46:40.257 [info] > git config --get commit.template [8ms]
2024-06-26 17:46:40.259 [info] > git for-each-ref --format=%(refname)%00%(upstream:short)%00%(objectname)%00%(upstream:track)%00%(upstream:remotename)%00%(upstream:remoteref) refs/heads/dev refs/remotes/dev [3ms]
2024-06-26 17:46:40.265 [info] > git status -z -uall [2ms]
2024-06-26 17:47:02.416 [info] > git show --textconv :nidas.dev/src/themes/Card.js [13ms]
2024-06-26 17:47:02.419 [info] > git ls-files --stage -- /home/leo/Projects/nidas.dev/nidas.dev/src/themes/Card.js [3ms]
2024-06-26 17:47:03.254 [info] > git show --textconv :nidas.dev/src/themes/Button.js [4ms]
2024-06-26 17:47:03.254 [info] > git ls-files --stage -- /home/leo/Projects/nidas.dev/nidas.dev/src/themes/Button.js [1ms]
2024-06-26 17:47:04.246 [info] > git show --textconv :nidas.dev/src/themes/Card.js [4ms]
2024-06-26 17:47:04.246 [info] > git ls-files --stage -- /home/leo/Projects/nidas.dev/nidas.dev/src/themes/Card.js [1ms]
2024-06-26 17:47:08.281 [info] > git show --textconv :nidas.dev/src/themes/Button.js [16ms]
2024-06-26 17:47:08.283 [info] > git ls-files --stage -- /home/leo/Projects/nidas.dev/nidas.dev/src/themes/Button.js [3ms]
