2024-06-26 17:47:41.979 [info] Log level: Info
2024-06-26 17:47:41.979 [info] Validating found git in: "git"
2024-06-26 17:47:41.979 [info] Using git "2.45.2" from "git"
2024-06-26 17:47:41.979 [info] > git rev-parse --show-toplevel [5ms]
2024-06-26 17:47:41.979 [info] > git rev-parse --git-dir --git-common-dir [1ms]
2024-06-26 17:47:41.989 [info] Open repository: /home/leo/Projects/nidas.dev
2024-06-26 17:47:41.999 [info] > git rev-parse --show-toplevel [2ms]
2024-06-26 17:47:42.000 [info] > git config --get commit.template [5ms]
2024-06-26 17:47:42.012 [info] > git rev-parse --show-toplevel [8ms]
2024-06-26 17:47:42.019 [info] > git for-each-ref --format=%(refname)%00%(upstream:short)%00%(objectname)%00%(upstream:track)%00%(upstream:remotename)%00%(upstream:remoteref) refs/heads/dev refs/remotes/dev [9ms]
2024-06-26 17:47:42.023 [info] > git rev-parse --show-toplevel [4ms]
2024-06-26 17:47:42.041 [info] > git status -z -uall [5ms]
2024-06-26 17:47:42.055 [info] > git merge-base refs/heads/dev refs/remotes/origin/dev [10ms]
2024-06-26 17:47:42.064 [info] > git rev-list --count --left-right refs/heads/dev...refs/remotes/origin/dev [5ms]
2024-06-26 17:47:42.068 [info] > git config --get commit.template [14ms]
2024-06-26 17:47:42.075 [info] > git diff --name-status -z --diff-filter=ADMR 9cb0cfa6b027bf68341cb071f413ca3f9b8b27c5...refs/remotes/origin/dev [7ms]
2024-06-26 17:47:42.099 [info] > git for-each-ref --format=%(refname)%00%(upstream:short)%00%(objectname)%00%(upstream:track)%00%(upstream:remotename)%00%(upstream:remoteref) refs/heads/dev refs/remotes/dev [18ms]
2024-06-26 17:47:42.127 [info] > git status -z -uall [1ms]
2024-06-26 17:47:42.571 [info] > git check-ignore -v -z --stdin [1ms]
2024-06-26 17:47:42.911 [info] > git show --textconv :nidas.dev/src/themes/theme.js [5ms]
2024-06-26 17:47:42.920 [info] > git show --textconv :nidas.dev/src/themes/Button.js [5ms]
2024-06-26 17:47:42.920 [info] > git ls-files --stage -- /home/leo/Projects/nidas.dev/nidas.dev/src/themes/theme.js [9ms]
2024-06-26 17:47:42.924 [info] > git ls-files --stage -- /home/leo/Projects/nidas.dev/nidas.dev/src/themes/Button.js [5ms]
2024-06-26 17:47:42.926 [info] > git cat-file -s 5426a5af75c6f934b7157017a7751a8e8bcd04b0 [1ms]
2024-06-26 17:47:46.198 [info] > git show --textconv :nidas.dev/src/themes/Card.js [3ms]
2024-06-26 17:47:46.199 [info] > git ls-files --stage -- /home/leo/Projects/nidas.dev/nidas.dev/src/themes/Card.js [1ms]
2024-06-26 17:47:48.116 [info] > git show --textconv :nidas.dev/src/themes/Button.js [5ms]
2024-06-26 17:47:48.117 [info] > git ls-files --stage -- /home/leo/Projects/nidas.dev/nidas.dev/src/themes/Button.js [1ms]
2024-06-26 17:47:49.155 [info] > git show --textconv :nidas.dev/src/themes/CardStyle.js [4ms]
2024-06-26 17:47:49.156 [info] > git ls-files --stage -- /home/leo/Projects/nidas.dev/nidas.dev/src/themes/CardStyle.js [2ms]
2024-06-26 17:48:31.776 [info] > git config --get commit.template [13ms]
2024-06-26 17:48:31.778 [info] > git for-each-ref --format=%(refname)%00%(upstream:short)%00%(objectname)%00%(upstream:track)%00%(upstream:remotename)%00%(upstream:remoteref) refs/heads/dev refs/remotes/dev [5ms]
2024-06-26 17:48:31.797 [info] > git status -z -uall [6ms]
2024-06-26 17:48:31.868 [info] > git ls-files --stage -- /home/leo/Projects/nidas.dev/nidas.dev/src/themes/theme.js [10ms]
2024-06-26 17:48:31.877 [info] > git ls-files --stage -- /home/leo/Projects/nidas.dev/nidas.dev/src/themes/CardStyle.js [10ms]
2024-06-26 17:48:31.880 [info] > git cat-file -s 5426a5af75c6f934b7157017a7751a8e8bcd04b0 [3ms]
2024-06-26 17:48:31.898 [info] > git show --textconv :nidas.dev/src/themes/CardStyle.js [9ms]
2024-06-26 17:48:31.903 [info] > git show --textconv :nidas.dev/src/themes/theme.js [6ms]
2024-06-26 17:48:48.154 [info] > git show --textconv :nidas.dev/src/themes/Button.js [7ms]
2024-06-26 17:48:48.156 [info] > git ls-files --stage -- /home/leo/Projects/nidas.dev/nidas.dev/src/themes/Button.js [2ms]
2024-06-26 17:48:48.877 [info] > git show --textconv :nidas.dev/src/themes/Card.js [4ms]
2024-06-26 17:48:48.878 [info] > git ls-files --stage -- /home/leo/Projects/nidas.dev/nidas.dev/src/themes/Card.js [1ms]
2024-06-26 17:51:47.526 [info] > git config --get commit.template [14ms]
2024-06-26 17:51:47.528 [info] > git for-each-ref --format=%(refname)%00%(upstream:short)%00%(objectname)%00%(upstream:track)%00%(upstream:remotename)%00%(upstream:remoteref) refs/heads/dev refs/remotes/dev [5ms]
2024-06-26 17:51:47.546 [info] > git status -z -uall [6ms]
2024-06-26 17:51:47.624 [info] > git ls-files --stage -- /home/leo/Projects/nidas.dev/nidas.dev/src/themes/theme.js [13ms]
2024-06-26 17:51:47.636 [info] > git ls-files --stage -- /home/leo/Projects/nidas.dev/nidas.dev/src/themes/Card.js [13ms]
2024-06-26 17:51:47.639 [info] > git cat-file -s 5426a5af75c6f934b7157017a7751a8e8bcd04b0 [5ms]
2024-06-26 17:51:47.661 [info] > git show --textconv :nidas.dev/src/themes/Card.js [12ms]
2024-06-26 17:51:47.664 [info] > git show --textconv :nidas.dev/src/themes/theme.js [4ms]
2024-06-26 17:52:52.550 [info] > git config --get commit.template [3ms]
2024-06-26 17:52:52.551 [info] > git for-each-ref --format=%(refname)%00%(upstream:short)%00%(objectname)%00%(upstream:track)%00%(upstream:remotename)%00%(upstream:remoteref) refs/heads/dev refs/remotes/dev [1ms]
2024-06-26 17:52:52.556 [info] > git status -z -uall [2ms]
2024-06-26 17:53:31.289 [info] > git config --get commit.template [4ms]
2024-06-26 17:53:31.290 [info] > git for-each-ref --format=%(refname)%00%(upstream:short)%00%(objectname)%00%(upstream:track)%00%(upstream:remotename)%00%(upstream:remoteref) refs/heads/dev refs/remotes/dev [1ms]
2024-06-26 17:53:31.295 [info] > git status -z -uall [1ms]
2024-06-26 17:53:37.139 [info] > git config --get commit.template [14ms]
2024-06-26 17:53:37.142 [info] > git for-each-ref --format=%(refname)%00%(upstream:short)%00%(objectname)%00%(upstream:track)%00%(upstream:remotename)%00%(upstream:remoteref) refs/heads/dev refs/remotes/dev [5ms]
2024-06-26 17:53:37.161 [info] > git status -z -uall [6ms]
