2024-09-03 21:12:54.430 [info] Log level: Info
2024-09-03 21:12:54.430 [info] Validating found git in: "git"
2024-09-03 21:12:54.430 [info] Using git "2.45.2" from "git"
2024-09-03 21:12:54.452 [info] > git rev-parse --show-toplevel [23ms]
2024-09-03 21:12:54.458 [info] > git rev-parse --git-dir --git-common-dir [1ms]
2024-09-03 21:12:54.467 [info] Open repository: /home/leo/Projects/nidas.dev
2024-09-03 21:12:54.522 [info] > git rev-parse --show-toplevel [41ms]
2024-09-03 21:12:54.523 [info] > git config --get commit.template [46ms]
2024-09-03 21:12:54.542 [info] > git rev-parse --show-toplevel [11ms]
2024-09-03 21:12:54.648 [info] > git for-each-ref --format=%(refname)%00%(upstream:short)%00%(objectname)%00%(upstream:track)%00%(upstream:remotename)%00%(upstream:remoteref) refs/heads/dev refs/remotes/dev [106ms]
2024-09-03 21:12:54.749 [info] > git status -z -uall [97ms]
2024-09-03 21:12:54.764 [info] > git for-each-ref --format=%(refname)%00%(upstream:short)%00%(objectname)%00%(upstream:track)%00%(upstream:remotename)%00%(upstream:remoteref) refs/heads/dev refs/remotes/dev [11ms]
2024-09-03 21:12:54.777 [info] > git config --get commit.template [16ms]
2024-09-03 21:12:54.778 [info] > git config --local branch.dev.vscode-merge-base [2ms]
2024-09-03 21:12:54.778 [warning] git config failed: Failed to execute git
2024-09-03 21:12:54.822 [info] > git for-each-ref --format=%(refname)%00%(upstream:short)%00%(objectname)%00%(upstream:track)%00%(upstream:remotename)%00%(upstream:remoteref) refs/heads/dev refs/remotes/dev [36ms]
2024-09-03 21:12:54.837 [info] > git status -z -uall [2ms]
2024-09-03 21:12:54.844 [info] > git for-each-ref --format=%(refname)%00%(upstream:short)%00%(objectname)%00%(upstream:track)%00%(upstream:remotename)%00%(upstream:remoteref) refs/heads/dev refs/remotes/dev [3ms]
2024-09-03 21:12:54.850 [info] > git config --local branch.dev.vscode-merge-base [2ms]
2024-09-03 21:12:54.850 [warning] git config failed: Failed to execute git
2024-09-03 21:12:54.970 [info] > git ls-files --stage -- /home/leo/Projects/nidas.dev/nidas.dev/src/themes/theme.js [1ms]
2024-09-03 21:12:54.982 [info] > git show --textconv :nidas.dev/src/themes/theme.js [16ms]
2024-09-03 21:12:54.982 [info] > git cat-file -s 5426a5af75c6f934b7157017a7751a8e8bcd04b0 [8ms]
2024-09-03 21:12:55.031 [info] > git check-ignore -v -z --stdin [1ms]
2024-09-03 21:12:55.047 [info] > git reflog dev --grep-reflog=branch: Created from *. [265ms]
2024-09-03 21:12:55.051 [info] > git reflog dev --grep-reflog=branch: Created from *. [197ms]
2024-09-03 21:12:55.073 [info] > git for-each-ref --format=%(refname)%00%(upstream:short)%00%(objectname)%00%(upstream:track)%00%(upstream:remotename)%00%(upstream:remoteref) refs/remotes/origin/dev [19ms]
2024-09-03 21:12:55.077 [info] > git for-each-ref --format=%(refname)%00%(upstream:short)%00%(objectname)%00%(upstream:track)%00%(upstream:remotename)%00%(upstream:remoteref) refs/remotes/origin/dev [25ms]
2024-09-03 21:12:55.080 [info] > git symbolic-ref --short refs/remotes/origin/HEAD [4ms]
2024-09-03 21:12:55.083 [info] > git symbolic-ref --short refs/remotes/origin/HEAD [4ms]
2024-09-03 21:12:55.087 [info] > git for-each-ref --format=%(refname)%00%(upstream:short)%00%(objectname)%00%(upstream:track)%00%(upstream:remotename)%00%(upstream:remoteref) refs/heads/origin/main refs/remotes/origin/main [4ms]
2024-09-03 21:12:55.091 [info] > git for-each-ref --format=%(refname)%00%(upstream:short)%00%(objectname)%00%(upstream:track)%00%(upstream:remotename)%00%(upstream:remoteref) refs/heads/origin/main refs/remotes/origin/main [5ms]
2024-09-03 21:12:55.095 [info] > git config --local branch.dev.vscode-merge-base origin/main [5ms]
2024-09-03 21:12:55.098 [info] > git config --local branch.dev.vscode-merge-base origin/main [4ms]
2024-09-03 21:12:55.101 [info] > git config --get commit.template [3ms]
2024-09-03 21:12:55.107 [info] > git config --get commit.template [6ms]
2024-09-03 21:12:55.109 [info] > git for-each-ref --format=%(refname)%00%(upstream:short)%00%(objectname)%00%(upstream:track)%00%(upstream:remotename)%00%(upstream:remoteref) refs/heads/dev refs/remotes/dev [5ms]
2024-09-03 21:12:55.109 [info] > git for-each-ref --format=%(refname)%00%(upstream:short)%00%(objectname)%00%(upstream:track)%00%(upstream:remotename)%00%(upstream:remoteref) refs/heads/dev refs/remotes/dev [2ms]
2024-09-03 21:12:55.116 [info] > git merge-base refs/heads/dev refs/remotes/origin/dev [3ms]
2024-09-03 21:12:55.119 [info] > git status -z -uall [4ms]
2024-09-03 21:12:55.124 [info] > git for-each-ref --format=%(refname)%00%(upstream:short)%00%(objectname)%00%(upstream:track)%00%(upstream:remotename)%00%(upstream:remoteref) refs/heads/dev refs/remotes/dev [1ms]
2024-09-03 21:12:55.127 [info] > git rev-list --count --left-right refs/heads/dev...refs/remotes/origin/dev [8ms]
2024-09-03 21:12:55.131 [info] > git config --local branch.dev.vscode-merge-base [4ms]
2024-09-03 21:12:55.135 [info] > git diff --name-status -z --diff-filter=ADMR 9cb0cfa6b027bf68341cb071f413ca3f9b8b27c5...refs/remotes/origin/dev [5ms]
2024-09-03 21:12:55.136 [info] > git for-each-ref --format=%(refname)%00%(upstream:short)%00%(objectname)%00%(upstream:track)%00%(upstream:remotename)%00%(upstream:remoteref) refs/heads/origin/main refs/remotes/origin/main [1ms]
2024-09-03 21:13:03.633 [info] > git ls-files --stage -- /home/leo/Projects/nidas.dev/nidas.dev/src/components/structure/drawer.js [2ms]
2024-09-03 21:13:03.638 [info] > git show --textconv :nidas.dev/src/components/structure/drawer.js [15ms]
2024-09-03 21:13:03.639 [info] > git cat-file -s 6360c7c38561f6b8e3985bc53f12389327ff63a8 [2ms]
2024-09-03 21:13:05.062 [info] > git show --textconv :nidas.dev/src/components/structure/header.js [14ms]
2024-09-03 21:13:05.068 [info] > git ls-files --stage -- /home/leo/Projects/nidas.dev/nidas.dev/src/components/structure/header.js [8ms]
2024-09-03 21:13:05.078 [info] > git cat-file -s e0ce21d017f7760ba51c1b464999e8dec72e91f2 [3ms]
2024-09-03 21:13:05.516 [info] > git ls-files --stage -- /home/leo/Projects/nidas.dev/nidas.dev/src/pages/construction.js [1ms]
2024-09-03 21:13:05.535 [info] > git show --textconv :nidas.dev/src/pages/construction.js [22ms]
2024-09-03 21:13:05.535 [info] > git cat-file -s ae366f199e6ba351f6f6d879a235f1a2cee2fe93 [17ms]
2024-09-03 21:13:06.646 [info] > git show --textconv :nidas.dev/src/components/structure/drawer.js [4ms]
2024-09-03 21:13:06.647 [info] > git ls-files --stage -- /home/leo/Projects/nidas.dev/nidas.dev/src/components/structure/drawer.js [1ms]
2024-09-03 21:13:06.652 [info] > git cat-file -s 6360c7c38561f6b8e3985bc53f12389327ff63a8 [2ms]
2024-09-03 21:13:08.027 [info] > git ls-files --stage -- /home/leo/Projects/nidas.dev/nidas.dev/src/components/structure/footer.js [2ms]
2024-09-03 21:13:08.034 [info] > git show --textconv :nidas.dev/src/components/structure/footer.js [14ms]
2024-09-03 21:13:08.034 [info] > git cat-file -s c1dd785779bb2f92ba0135f98cefc1b7fb4cdba2 [3ms]
2024-09-03 21:13:09.333 [info] > git ls-files --stage -- /home/leo/Projects/nidas.dev/nidas.dev/src/pages/App.js [3ms]
2024-09-03 21:13:09.341 [info] > git cat-file -s b1cddf65555027cb7a23828a1a8f89180147c383 [3ms]
2024-09-03 21:13:09.342 [info] > git show --textconv :nidas.dev/src/pages/App.js [21ms]
2024-09-03 21:13:10.858 [info] > git show --textconv :nidas.dev/src/pages/construction.js [10ms]
2024-09-03 21:13:10.860 [info] > git ls-files --stage -- /home/leo/Projects/nidas.dev/nidas.dev/src/pages/construction.js [2ms]
2024-09-03 21:13:10.867 [info] > git cat-file -s ae366f199e6ba351f6f6d879a235f1a2cee2fe93 [2ms]
2024-09-03 21:13:17.745 [info] > git show --textconv :nidas.dev/src/components/structure/header.js [13ms]
2024-09-03 21:13:17.746 [info] > git ls-files --stage -- /home/leo/Projects/nidas.dev/nidas.dev/src/components/structure/header.js [2ms]
2024-09-03 21:13:17.754 [info] > git cat-file -s e0ce21d017f7760ba51c1b464999e8dec72e91f2 [2ms]
2024-09-03 21:13:18.501 [info] > git show --textconv :nidas.dev/src/components/structure/drawer.js [9ms]
2024-09-03 21:13:18.503 [info] > git ls-files --stage -- /home/leo/Projects/nidas.dev/nidas.dev/src/components/structure/drawer.js [3ms]
2024-09-03 21:13:18.512 [info] > git cat-file -s 6360c7c38561f6b8e3985bc53f12389327ff63a8 [3ms]
2024-09-03 21:13:19.155 [info] > git show --textconv :nidas.dev/src/components/structure/footer.js [10ms]
2024-09-03 21:13:19.157 [info] > git ls-files --stage -- /home/leo/Projects/nidas.dev/nidas.dev/src/components/structure/footer.js [3ms]
2024-09-03 21:13:19.168 [info] > git cat-file -s c1dd785779bb2f92ba0135f98cefc1b7fb4cdba2 [4ms]
2024-09-03 21:13:20.940 [info] > git show --textconv :nidas.dev/src/pages/App.js [13ms]
2024-09-03 21:13:20.941 [info] > git ls-files --stage -- /home/leo/Projects/nidas.dev/nidas.dev/src/pages/App.js [3ms]
2024-09-03 21:13:20.952 [info] > git cat-file -s b1cddf65555027cb7a23828a1a8f89180147c383 [2ms]
2024-09-03 21:13:22.723 [info] > git show --textconv :nidas.dev/src/pages/construction.js [10ms]
2024-09-03 21:13:22.725 [info] > git ls-files --stage -- /home/leo/Projects/nidas.dev/nidas.dev/src/pages/construction.js [2ms]
2024-09-03 21:13:22.731 [info] > git cat-file -s ae366f199e6ba351f6f6d879a235f1a2cee2fe93 [1ms]
2024-09-03 21:13:25.402 [info] > git show --textconv :nidas.dev/src/pages/App.js [15ms]
2024-09-03 21:13:25.405 [info] > git ls-files --stage -- /home/leo/Projects/nidas.dev/nidas.dev/src/pages/App.js [5ms]
2024-09-03 21:13:25.418 [info] > git cat-file -s b1cddf65555027cb7a23828a1a8f89180147c383 [3ms]
2024-09-03 21:13:41.343 [info] > git show --textconv :nidas.dev/src/themes/theme.js [18ms]
2024-09-03 21:13:41.348 [info] > git ls-files --stage -- /home/leo/Projects/nidas.dev/nidas.dev/src/themes/theme.js [6ms]
2024-09-03 21:13:41.367 [info] > git cat-file -s 5426a5af75c6f934b7157017a7751a8e8bcd04b0 [10ms]
2024-09-03 21:13:42.010 [info] > git show --textconv :nidas.dev/src/components/structure/header.js [6ms]
2024-09-03 21:13:42.012 [info] > git ls-files --stage -- /home/leo/Projects/nidas.dev/nidas.dev/src/components/structure/header.js [2ms]
2024-09-03 21:13:42.019 [info] > git cat-file -s e0ce21d017f7760ba51c1b464999e8dec72e91f2 [2ms]
2024-09-03 21:13:47.075 [info] > git show --textconv :nidas.dev/src/components/structure/header.js [15ms]
2024-09-03 21:13:47.077 [info] > git ls-files --stage -- /home/leo/Projects/nidas.dev/nidas.dev/src/components/structure/header.js [4ms]
2024-09-03 21:13:47.086 [info] > git cat-file -s e0ce21d017f7760ba51c1b464999e8dec72e91f2 [3ms]
2024-09-03 21:13:51.597 [info] > git show --textconv :nidas.dev/src/themes/theme.js [14ms]
2024-09-03 21:13:51.599 [info] > git ls-files --stage -- /home/leo/Projects/nidas.dev/nidas.dev/src/themes/theme.js [4ms]
2024-09-03 21:13:51.616 [info] > git cat-file -s 5426a5af75c6f934b7157017a7751a8e8bcd04b0 [5ms]
2024-09-03 21:13:55.949 [info] > git check-ignore -v -z --stdin [4ms]
2024-09-03 21:14:03.893 [info] > git show --textconv :nidas.dev/src/components/structure/header.js [7ms]
2024-09-03 21:14:03.894 [info] > git ls-files --stage -- /home/leo/Projects/nidas.dev/nidas.dev/src/components/structure/header.js [3ms]
2024-09-03 21:14:03.903 [info] > git cat-file -s e0ce21d017f7760ba51c1b464999e8dec72e91f2 [3ms]
2024-09-03 21:14:13.092 [info] > git show --textconv :nidas.dev/src/themes/theme.js [17ms]
2024-09-03 21:14:13.095 [info] > git ls-files --stage -- /home/leo/Projects/nidas.dev/nidas.dev/src/themes/theme.js [5ms]
2024-09-03 21:14:13.112 [info] > git cat-file -s 5426a5af75c6f934b7157017a7751a8e8bcd04b0 [6ms]
2024-09-03 21:14:14.781 [info] > git show --textconv :nidas.dev/src/themes/Logo.js [11ms]
2024-09-03 21:14:14.786 [info] > git ls-files --stage -- /home/leo/Projects/nidas.dev/nidas.dev/src/themes/Logo.js [7ms]
2024-09-03 21:14:14.797 [info] > git cat-file -s c990edf7cb0715c3eda3e5faf81b994e7596b97a [3ms]
2024-09-03 21:14:15.599 [info] > git check-ignore -v -z --stdin [4ms]
2024-09-03 21:14:16.972 [info] > git show --textconv :nidas.dev/src/components/structure/header.js [15ms]
2024-09-03 21:14:16.974 [info] > git ls-files --stage -- /home/leo/Projects/nidas.dev/nidas.dev/src/components/structure/header.js [4ms]
2024-09-03 21:14:16.983 [info] > git cat-file -s e0ce21d017f7760ba51c1b464999e8dec72e91f2 [2ms]
2024-09-03 21:14:25.587 [info] > git show --textconv :nidas.dev/src/components/structure/drawer.js [9ms]
2024-09-03 21:14:25.589 [info] > git ls-files --stage -- /home/leo/Projects/nidas.dev/nidas.dev/src/components/structure/drawer.js [4ms]
2024-09-03 21:14:25.603 [info] > git cat-file -s 6360c7c38561f6b8e3985bc53f12389327ff63a8 [7ms]
2024-09-03 21:14:27.251 [info] > git show --textconv :nidas.dev/src/components/structure/footer.js [4ms]
2024-09-03 21:14:27.252 [info] > git ls-files --stage -- /home/leo/Projects/nidas.dev/nidas.dev/src/components/structure/footer.js [1ms]
2024-09-03 21:14:27.256 [info] > git cat-file -s c1dd785779bb2f92ba0135f98cefc1b7fb4cdba2 [1ms]
2024-09-03 21:14:28.003 [info] > git show --textconv :nidas.dev/src/components/structure/header.js [14ms]
2024-09-03 21:14:28.005 [info] > git ls-files --stage -- /home/leo/Projects/nidas.dev/nidas.dev/src/components/structure/header.js [3ms]
2024-09-03 21:14:28.014 [info] > git cat-file -s e0ce21d017f7760ba51c1b464999e8dec72e91f2 [2ms]
2024-09-03 21:14:28.357 [info] > git show --textconv :nidas.dev/src/components/structure/drawer.js [8ms]
2024-09-03 21:14:28.359 [info] > git ls-files --stage -- /home/leo/Projects/nidas.dev/nidas.dev/src/components/structure/drawer.js [3ms]
2024-09-03 21:14:28.368 [info] > git cat-file -s 6360c7c38561f6b8e3985bc53f12389327ff63a8 [3ms]
2024-09-03 21:14:29.915 [info] > git show --textconv :nidas.dev/src/components/structure/footer.js [3ms]
2024-09-03 21:14:29.916 [info] > git ls-files --stage -- /home/leo/Projects/nidas.dev/nidas.dev/src/components/structure/footer.js [1ms]
2024-09-03 21:14:29.919 [info] > git cat-file -s c1dd785779bb2f92ba0135f98cefc1b7fb4cdba2 [1ms]
2024-09-03 21:14:32.035 [info] > git show --textconv :nidas.dev/src/components/structure/header.js [15ms]
2024-09-03 21:14:32.037 [info] > git ls-files --stage -- /home/leo/Projects/nidas.dev/nidas.dev/src/components/structure/header.js [4ms]
2024-09-03 21:14:32.049 [info] > git cat-file -s e0ce21d017f7760ba51c1b464999e8dec72e91f2 [3ms]
2024-09-03 21:14:35.405 [info] > git show --textconv :nidas.dev/src/themes/fonts.js [16ms]
2024-09-03 21:14:35.407 [info] > git ls-files --stage -- /home/leo/Projects/nidas.dev/nidas.dev/src/themes/fonts.js [4ms]
2024-09-03 21:14:35.418 [info] > git cat-file -s f3b32c91d435db728c638cf8236d46d6bbf8e6c8 [3ms]
2024-09-03 21:14:36.422 [info] > git show --textconv :nidas.dev/src/themes/Logo.js [5ms]
2024-09-03 21:14:36.423 [info] > git ls-files --stage -- /home/leo/Projects/nidas.dev/nidas.dev/src/themes/Logo.js [2ms]
2024-09-03 21:14:36.428 [info] > git cat-file -s c990edf7cb0715c3eda3e5faf81b994e7596b97a [1ms]
2024-09-03 21:14:38.269 [info] > git show --textconv :nidas.dev/src/themes/theme.js [17ms]
2024-09-03 21:14:38.273 [info] > git ls-files --stage -- /home/leo/Projects/nidas.dev/nidas.dev/src/themes/theme.js [6ms]
2024-09-03 21:14:38.288 [info] > git cat-file -s 5426a5af75c6f934b7157017a7751a8e8bcd04b0 [6ms]
2024-09-03 21:15:59.346 [info] > git show --textconv :nidas.dev/src/components/structure/drawer.js [15ms]
2024-09-03 21:15:59.353 [info] > git ls-files --stage -- /home/leo/Projects/nidas.dev/nidas.dev/src/components/structure/drawer.js [10ms]
2024-09-03 21:15:59.363 [info] > git cat-file -s 6360c7c38561f6b8e3985bc53f12389327ff63a8 [2ms]
2024-09-03 21:16:12.108 [info] > git show --textconv :nidas.dev/src/themes/theme.js [12ms]
2024-09-03 21:16:12.108 [info] > git show --textconv :nidas.dev/src/components/structure/drawer.js [4ms]
2024-09-03 21:16:12.109 [info] > git ls-files --stage -- /home/leo/Projects/nidas.dev/nidas.dev/src/themes/theme.js [9ms]
2024-09-03 21:16:12.113 [info] > git ls-files --stage -- /home/leo/Projects/nidas.dev/nidas.dev/src/components/structure/drawer.js [5ms]
2024-09-03 21:16:12.117 [info] > git cat-file -s 5426a5af75c6f934b7157017a7751a8e8bcd04b0 [5ms]
2024-09-03 21:16:12.118 [info] > git cat-file -s 6360c7c38561f6b8e3985bc53f12389327ff63a8 [1ms]
