2024-09-03 21:17:46.158 [info] Log level: Info
2024-09-03 21:17:46.158 [info] Validating found git in: "git"
2024-09-03 21:17:46.158 [info] Using git "2.45.2" from "git"
2024-09-03 21:17:46.158 [info] > git rev-parse --show-toplevel [6ms]
2024-09-03 21:17:46.158 [info] > git rev-parse --git-dir --git-common-dir [4ms]
2024-09-03 21:17:46.158 [info] Open repository: /home/leo/Projects/nidas.dev
2024-09-03 21:17:46.158 [info] > git rev-parse --show-toplevel [12ms]
2024-09-03 21:17:46.158 [info] > git config --get commit.template [16ms]
2024-09-03 21:17:46.168 [info] > git rev-parse --show-toplevel [5ms]
2024-09-03 21:17:46.179 [info] > git for-each-ref --format=%(refname)%00%(upstream:short)%00%(objectname)%00%(upstream:track)%00%(upstream:remotename)%00%(upstream:remoteref) refs/heads/dev refs/remotes/dev [12ms]
2024-09-03 21:17:46.181 [info] > git rev-parse --show-toplevel [2ms]
2024-09-03 21:17:46.189 [info] > git status -z -uall [2ms]
2024-09-03 21:17:46.203 [info] > git for-each-ref --format=%(refname)%00%(upstream:short)%00%(objectname)%00%(upstream:track)%00%(upstream:remotename)%00%(upstream:remoteref) refs/heads/dev refs/remotes/dev [9ms]
2024-09-03 21:17:46.208 [info] > git config --get commit.template [6ms]
2024-09-03 21:17:46.209 [info] > git config --local branch.dev.vscode-merge-base [2ms]
2024-09-03 21:17:46.232 [info] > git for-each-ref --format=%(refname)%00%(upstream:short)%00%(objectname)%00%(upstream:track)%00%(upstream:remotename)%00%(upstream:remoteref) refs/heads/origin/main refs/remotes/origin/main [19ms]
2024-09-03 21:17:46.248 [info] > git merge-base refs/heads/dev refs/remotes/origin/dev [11ms]
2024-09-03 21:17:46.252 [info] > git for-each-ref --format=%(refname)%00%(upstream:short)%00%(objectname)%00%(upstream:track)%00%(upstream:remotename)%00%(upstream:remoteref) refs/heads/dev refs/remotes/dev [21ms]
2024-09-03 21:17:46.254 [info] > git rev-list --count --left-right refs/heads/dev...refs/remotes/origin/dev [2ms]
2024-09-03 21:17:46.260 [info] > git diff --name-status -z --diff-filter=ADMR 9cb0cfa6b027bf68341cb071f413ca3f9b8b27c5...refs/remotes/origin/dev [1ms]
2024-09-03 21:17:46.274 [info] > git status -z -uall [8ms]
2024-09-03 21:17:46.282 [info] > git for-each-ref --format=%(refname)%00%(upstream:short)%00%(objectname)%00%(upstream:track)%00%(upstream:remotename)%00%(upstream:remoteref) refs/heads/dev refs/remotes/dev [3ms]
2024-09-03 21:17:46.286 [info] > git config --local branch.dev.vscode-merge-base [1ms]
2024-09-03 21:17:46.291 [info] > git for-each-ref --format=%(refname)%00%(upstream:short)%00%(objectname)%00%(upstream:track)%00%(upstream:remotename)%00%(upstream:remoteref) refs/heads/origin/main refs/remotes/origin/main [1ms]
2024-09-03 21:17:46.660 [info] > git check-ignore -v -z --stdin [1ms]
2024-09-03 21:17:46.883 [info] > git show --textconv :nidas.dev/src/themes/theme.js [11ms]
2024-09-03 21:17:46.883 [info] > git show --textconv :nidas.dev/src/components/structure/drawer.js [5ms]
2024-09-03 21:17:46.883 [info] > git ls-files --stage -- /home/leo/Projects/nidas.dev/nidas.dev/src/themes/theme.js [8ms]
2024-09-03 21:17:46.887 [info] > git ls-files --stage -- /home/leo/Projects/nidas.dev/nidas.dev/src/components/structure/drawer.js [5ms]
2024-09-03 21:17:46.893 [info] > git cat-file -s 5426a5af75c6f934b7157017a7751a8e8bcd04b0 [6ms]
2024-09-03 21:17:46.894 [info] > git cat-file -s 6360c7c38561f6b8e3985bc53f12389327ff63a8 [4ms]
